[INFO] [launch]: All log files can be found below /home/thaihoa/.ros/log/2026-10-07-10-17-04-454802-th-5502
[INFO] [launch]: Default logging verbosity is set to INFO
[INFO] [launch.user]: ====================================================================
[INFO] [launch.user]:  BAM THEO BANG RSSI + LiDAR (khong camera)
[INFO] [launch.user]:    Planner ghi /cmd_vel_follow. Xe chi chay khi co scripts/rssi_follow.py
[INFO] [launch.user]:    DUNG KHAN: Ctrl-C o rssi_follow.py, hoac (moi luc)
[INFO] [launch.user]:               ros2 service call /follow/stop std_srvs/srv/Trigger {}
[INFO] [launch.user]: ====================================================================
[INFO] [launch.user]: ====================================================================
[INFO] [launch.user]:  CHE DO HIEU CHINH — chi lidar + driver, khong co planner
[INFO] [launch.user]:  Kiem tra o terminal khac:
[INFO] [launch.user]:    ros2 topic hz /scan      (SC-Mini chay ~10 Hz)
[INFO] [launch.user]:    ros2 topic hz /odom      (~20-50 Hz)
[INFO] [launch.user]:  Roi chay:
[INFO] [launch.user]:    ros2 run person_follow_nav calibrate_center
[INFO] [launch.user]: ====================================================================
[INFO] [sc_mini-1]: process started with pid [5512]
[INFO] [static_transform_publisher-2]: process started with pid [5513]
[INFO] [decoded_serial_node-3]: process started with pid [5514]
[INFO] [rssi_scanner-4]: process started with pid [5515]
[INFO] [rssi_bearing-5]: process started with pid [5516]
[INFO] [follow_planner-6]: process started with pid [5517]
[static_transform_publisher-2] [WARN] [1791343024.692999719] []: Old-style arguments are deprecated; see --help for new-style arguments
[static_transform_publisher-2] [INFO] [1791343024.723965198] [base_to_laser]: Spinning until stopped - publishing transform
[static_transform_publisher-2] translation: ('0.100000', '0.000000', '0.180000')
[static_transform_publisher-2] rotation: ('0.000000', '0.000000', '0.000000', '1.000000')
[static_transform_publisher-2] from 'base_link' to 'laser'
[rssi_scanner-4] [INFO] [1791343025.675401453] [rssi_scanner_node]: rssi_scanner: doc 3 cong @ 115200 baud -> /rssi/raw
[rssi_bearing-5] [INFO] [1791343025.705105895] [rssi_bearing_node]: rssi_bearing: mau ['A', 'B', 'C'], can xoay >= 250 do trong 14 s, corr >= 0.45 & margin >= 0.1 (hoac corr >= 0.35 & margin >= 0.25)
[rssi_scanner-4] [INFO] [1791343025.733304690] [rssi_scanner_node]: /dev/serial/by-path/pci-0000:05:00.3-usb-0:2.1.2:1.0-port0: da mo
[rssi_scanner-4] [INFO] [1791343025.734213065] [rssi_scanner_node]: /dev/serial/by-path/pci-0000:05:00.3-usb-0:2.1.3:1.0-port0: da mo
[rssi_scanner-4] [INFO] [1791343025.734832897] [rssi_scanner_node]: /dev/serial/by-path/pci-0000:05:00.3-usb-0:2.1.1:1.0-port0: da mo
[rssi_bearing-5] [INFO] [1791343025.867326153] [rssi_bearing_node]: chua co huong hop le: chua du du lieu
[follow_planner-6] [INFO] [1791343026.185676404] [follow_planner_node]: follow_planner_node san sang | footprint 0.47x0.60m | v_max=0.22 w_max=1.00 | khoang cach bam=1.00m | margin mem=0.15 cung=0.06 | enabled=False
[follow_planner-6] [INFO] [1791343026.186900632] [follow_planner_node]: Bat bam: ros2 service call /follow/enable std_srvs/srv/Trigger {}
[follow_planner-6] [INFO] [1791343026.212851646] [follow_planner_node]: [IDLE] disabled | d=- goc=- | v=0.000 w=0.000 | thoang=-
[decoded_serial_node-3] [INFO] [1791343026.249548791] [bw_dr03_decoded_serial_node]: BW-DR03 decoder connected on /dev/serial/by-id/usb-FTDI_FT231X_USB_UART_D30BF0NT-if00-port0 at 115200
[decoded_serial_node-3] [INFO] [1791343026.251442722] [bw_dr03_decoded_serial_node]: Params: max_linear=0.49, max_angular=2.46, max_percent=60, cmd_timeout=1.0
[rssi_scanner-4] [INFO] [1791343027.133144308] [rssi_scanner_node]: /dev/serial/by-path/pci-0000:05:00.3-usb-0:2.1.1:1.0-port0: board A khoi dong
[follow_planner-6] [INFO] [1791343027.212843785] [follow_planner_node]: [IDLE] disabled | d=- goc=- | v=0.000 w=0.000 | thoang=-
[rssi_scanner-4] [INFO] [1791343027.558905991] [rssi_scanner_node]: /dev/serial/by-path/pci-0000:05:00.3-usb-0:2.1.2:1.0-port0: board B khoi dong
[rssi_scanner-4] [INFO] [1791343027.573225061] [rssi_scanner_node]: /dev/serial/by-path/pci-0000:05:00.3-usb-0:2.1.3:1.0-port0: board C khoi dong
[follow_planner-6] [INFO] [1791343028.279388311] [follow_planner_node]: [IDLE] disabled | d=- goc=- | v=0.000 w=0.000 | thoang=-
[follow_planner-6] [INFO] [1791343029.346049203] [follow_planner_node]: [IDLE] disabled | d=- goc=- | v=0.000 w=0.000 | thoang=-
[sc_mini-1] sc_mini start
[follow_planner-6] [INFO] [1791343030.346253887] [follow_planner_node]: [IDLE] disabled | d=- goc=- | v=0.000 w=0.000 | thoang=-
[follow_planner-6] [INFO] [1791343031.346300643] [follow_planner_node]: [IDLE] disabled | d=- goc=- | v=0.000 w=0.000 | thoang=-
[follow_planner-6] [INFO] [1791343032.346670377] [follow_planner_node]: [IDLE] disabled | d=- goc=- | v=0.000 w=0.000 | thoang=-
[follow_planner-6] [INFO] [1791343033.412720932] [follow_planner_node]: [IDLE] disabled | d=- goc=- | v=0.000 w=0.000 | thoang=-
[follow_planner-6] [INFO] [1791343034.479379444] [follow_planner_node]: [IDLE] disabled | d=- goc=- | v=0.000 w=0.000 | thoang=-
[follow_planner-6] [INFO] [1791343035.479799046] [follow_planner_node]: [IDLE] disabled | d=- goc=- | v=0.000 w=0.000 | thoang=-
[follow_planner-6] [INFO] [1791343036.546068084] [follow_planner_node]: [IDLE] disabled | d=- goc=- | v=0.000 w=0.000 | thoang=-
[follow_planner-6] [INFO] [1791343037.612533044] [follow_planner_node]: [IDLE] disabled | d=- goc=- | v=0.000 w=0.000 | thoang=-
[follow_planner-6] [INFO] [1791343038.612642728] [follow_planner_node]: [IDLE] disabled | d=- goc=- | v=0.000 w=0.000 | thoang=-
[follow_planner-6] [INFO] [1791343039.612721538] [follow_planner_node]: [IDLE] disabled | d=- goc=- | v=0.000 w=0.000 | thoang=-
[follow_planner-6] [INFO] [1791343040.679558157] [follow_planner_node]: [IDLE] disabled | d=- goc=- | v=0.000 w=0.000 | thoang=-
[follow_planner-6] [INFO] [1791343041.745829565] [follow_planner_node]: [IDLE] disabled | d=- goc=- | v=0.000 w=0.000 | thoang=-
[follow_planner-6] [INFO] [1791343042.746696818] [follow_planner_node]: [IDLE] disabled | d=- goc=- | v=0.000 w=0.000 | thoang=-
[follow_planner-6] [INFO] [1791343043.812579939] [follow_planner_node]: [IDLE] disabled | d=- goc=- | v=0.000 w=0.000 | thoang=-
[follow_planner-6] [INFO] [1791343044.812695555] [follow_planner_node]: [IDLE] disabled | d=- goc=- | v=0.000 w=0.000 | thoang=-
[follow_planner-6] [INFO] [1791343045.879430053] [follow_planner_node]: [IDLE] disabled | d=- goc=- | v=0.000 w=0.000 | thoang=-
[follow_planner-6] [INFO] [1791343046.879888831] [follow_planner_node]: [IDLE] disabled | d=- goc=- | v=0.000 w=0.000 | thoang=-
[follow_planner-6] [INFO] [1791343047.880012757] [follow_planner_node]: [IDLE] disabled | d=- goc=- | v=0.000 w=0.000 | thoang=-
[follow_planner-6] [INFO] [1791343048.945635829] [follow_planner_node]: [IDLE] disabled | d=- goc=- | v=0.000 w=0.000 | thoang=-
[follow_planner-6] [INFO] [1791343049.946193161] [follow_planner_node]: [IDLE] disabled | d=- goc=- | v=0.000 w=0.000 | thoang=-
[follow_planner-6] [INFO] [1791343050.946205468] [follow_planner_node]: [IDLE] disabled | d=- goc=- | v=0.000 w=0.000 | thoang=-
[follow_planner-6] [INFO] [1791343051.946526502] [follow_planner_node]: [IDLE] disabled | d=- goc=- | v=0.000 w=0.000 | thoang=-
[follow_planner-6] [INFO] [1791343053.012324123] [follow_planner_node]: [IDLE] disabled | d=- goc=- | v=0.000 w=0.000 | thoang=-
[follow_planner-6] [INFO] [1791343054.012773397] [follow_planner_node]: [IDLE] disabled | d=- goc=- | v=0.000 w=0.000 | thoang=-
[follow_planner-6] [INFO] [1791343055.012722768] [follow_planner_node]: [IDLE] disabled | d=- goc=- | v=0.000 w=0.000 | thoang=-
[follow_planner-6] [INFO] [1791343056.080039093] [follow_planner_node]: [IDLE] disabled | d=- goc=- | v=0.000 w=0.000 | thoang=-
[follow_planner-6] [INFO] [1791343057.146033822] [follow_planner_node]: [IDLE] disabled | d=- goc=- | v=0.000 w=0.000 | thoang=-
[follow_planner-6] [INFO] [1791343058.146524653] [follow_planner_node]: [IDLE] disabled | d=- goc=- | v=0.000 w=0.000 | thoang=-
